Loading weights:   0%|          | 0/320 [00:00<?, ?it/s]Loading weights:   0%|          | 1/320 [00:00<00:46,  6.87it/s]Loading weights:  69%|██████▉   | 220/320 [00:00<00:00, 1069.70it/s]Loading weights: 100%|██████████| 320/320 [00:00<00:00, 1033.41it/s]
Warning: You are sending unauthenticated requests to the HF Hub. Please set a HF_TOKEN to enable higher rate limits and faster downloads.
[transformers] Token indices sequence length is longer than the specified maximum sequence length for this model (2539978 > 262144). Running this sequence through the model will result in indexing errors
fitting on 2000 train sequences...
  500/2000
  1000/2000
  1500/2000
  2000/2000
fit done
  affine done
  token_mean done
  token_local done
  conv1tap done
  norecur done

16352 predicted positions; intact mean NLL 2.8941 (PPL 18.07)

=== mean Delta NLL (nats) by condition ===
  affine       mean +1.4828   median +0.8271   PPL    79.59
  token_mean   mean +1.4630   median +0.8348   PPL    78.03
  token_local  mean +1.1533   median +0.6118   PPL    57.25
  conv1tap     mean +0.6213   median +0.2929   PPL    33.63
  norecur      mean +0.2022   median +0.0597   PPL    22.12

=== concentration: share of total Delta from the worst positions ===
cond           top 1%   top 5%  top 10%  top 25%       >0
affine          6.95%  25.89%  43.23%  77.09%   79.1%
token_mean      6.93%  25.87%  43.16%  77.30%   78.7%
token_local     7.90%  29.25%  47.93%  82.08%   78.6%
conv1tap       10.84%  36.66%  57.41%  94.44%   74.0%
norecur        18.15%  55.46%  85.09% 132.49%   65.1%

=== mean Delta by target-token category ===
category                     n   share  baseNLL      affine  token_mean token_local    conv1tap     norecur
word-initial              9265   56.7%    3.818     +1.9079     +1.9036     +1.6040     +0.8378     +0.2864
word-continuation         1153    7.1%    1.325     +1.7381     +1.6279     +1.1303     +0.6739     +0.2288
punctuation               3853   23.6%    2.032     +0.8201     +0.7860     +0.4812     +0.3179     +0.0357
digit                      606    3.7%    1.642     +0.6815     +0.6689     +0.3632     +0.2350     +0.1086
whitespace/newline         744    4.5%    1.619     +0.9148     +0.8909     +0.5908     +0.2201     +0.1075
other                      731    4.5%    0.537     +0.4271     +0.4273     +0.2483     +0.1211     +0.1452

=== share of each condition's TOTAL damage, by category ===
category                    affine  token_mean token_local    conv1tap     norecur
word-initial                72.9%       73.7%       78.8%       76.4%       80.2% 
word-continuation            8.3%        7.8%        6.9%        7.6%        8.0% 
punctuation                 13.0%       12.7%        9.8%       12.1%        4.2% 
digit                        1.7%        1.7%        1.2%        1.4%        2.0% 
whitespace/newline           2.8%        2.8%        2.3%        1.6%        2.4% 
other                        1.3%        1.3%        1.0%        0.9%        3.2% 

=== mean Delta by target-token frequency (train-corpus count) ===
  count [    0,     1) n=    46 baseNLL  9.463  affine +3.008  token_mean +3.341  token_local +2.143  conv1tap +0.853  norecur +0.369
  count [    1,    10) n=   853 baseNLL  5.980  affine +2.870  token_mean +2.933  token_local +2.631  conv1tap +1.372  norecur +0.391
  count [   10,   100) n=  2686 baseNLL  5.095  affine +2.833  token_mean +2.821  token_local +2.432  conv1tap +1.263  norecur +0.384
  count [  100,  1000) n=  2446 baseNLL  3.911  affine +2.227  token_mean +2.189  token_local +1.820  conv1tap +0.938  norecur +0.307
  count [ 1000,1000000000) n= 10321 baseNLL  1.796  affine +0.834  token_mean +0.808  token_local +0.536  conv1tap +0.316  norecur +0.114

=== mean Delta by position in sequence ===
  pos [   1,   8) n=   224 baseNLL  5.785  affine +3.347  token_mean +3.167  token_local +0.186  conv1tap +0.111  norecur +0.041
  pos [   8,  32) n=   768 baseNLL  4.026  affine +3.059  token_mean +2.998  token_local +0.809  conv1tap +0.520  norecur +0.193
  pos [  32, 128) n=  3072 baseNLL  3.080  affine +2.131  token_mean +2.058  token_local +0.982  conv1tap +0.604  norecur +0.177
  pos [ 128, 512) n= 12288 baseNLL  2.724  affine +1.188  token_mean +1.187  token_local +1.235  conv1tap +0.641  norecur +0.212

=== mean Delta by baseline difficulty decile (easy -> hard) ===
  decile 0 baseNLL  0.010  affine +0.258  token_mean +0.206  token_local +0.334  conv1tap +0.140  norecur +0.027
  decile 1 baseNLL  0.092  affine +0.748  token_mean +0.686  token_local +0.876  conv1tap +0.488  norecur +0.131
  decile 2 baseNLL  0.395  affine +1.192  token_mean +1.142  token_local +1.339  conv1tap +0.771  norecur +0.217
  decile 3 baseNLL  0.880  affine +1.352  token_mean +1.345  token_local +1.271  conv1tap +0.742  norecur +0.220
  decile 4 baseNLL  1.474  affine +1.601  token_mean +1.576  token_local +1.369  conv1tap +0.785  norecur +0.265
  decile 5 baseNLL  2.198  affine +1.800  token_mean +1.790  token_local +1.378  conv1tap +0.787  norecur +0.265
  decile 6 baseNLL  3.090  affine +2.020  token_mean +1.992  token_local +1.434  conv1tap +0.762  norecur +0.282
  decile 7 baseNLL  4.414  affine +1.899  token_mean +1.924  token_local +1.401  conv1tap +0.689  norecur +0.274
  decile 8 baseNLL  6.345  affine +2.254  token_mean +2.256  token_local +1.483  conv1tap +0.800  norecur +0.267
  decile 9 baseNLL 10.040  affine +1.702  token_mean +1.713  token_local +0.650  conv1tap +0.250  norecur +0.075

=== do the conditions damage the SAME positions? (Pearson r of Delta) ===
  affine       vs token_mean    r = +0.956
  affine       vs token_local   r = +0.494
  affine       vs conv1tap      r = +0.474
  affine       vs norecur       r = +0.286
  token_mean   vs token_local   r = +0.494
  token_mean   vs conv1tap      r = +0.466
  token_mean   vs norecur       r = +0.281
  token_local  vs conv1tap      r = +0.770
  token_local  vs norecur       r = +0.439
  conv1tap     vs norecur       r = +0.459

wrote results/exp11_per_token.json
