Loading weights:   0%|          | 0/320 [00:00<?, ?it/s]Loading weights:   0%|          | 1/320 [00:00<00:32,  9.90it/s]Loading weights:  63%|██████▎   | 201/320 [00:00<00:00, 1162.16it/s]Loading weights: 100%|██████████| 320/320 [00:00<00:00, 1074.69it/s]
Warning: You are sending unauthenticated requests to the HF Hub. Please set a HF_TOKEN to enable higher rate limits and faster downloads.
[transformers] Token indices sequence length is longer than the specified maximum sequence length for this model (2539978 > 262144). Running this sequence through the model will result in indexing errors
collecting WikiText statistics...
    200/2000
    400/2000
    600/2000
    800/2000
    1000/2000
    1200/2000
    1400/2000
    1600/2000
    1800/2000
    2000/2000
collecting task-prompt statistics...

== affine residual ||o - (A.emb+b)|| / ||o|| ==
  WikiText eval, WikiText-fit A          rel.err all 0.253  ordinary 0.253
  task prompts, WikiText-fit A           rel.err all 0.529  ordinary 0.469  special 0.754 (20.97% of tokens)
  task prompts, combined-fit A           rel.err all 0.317  ordinary 0.296  special 0.392 (20.97% of tokens)

== substitution ==
  intact                             WikiText PPL    21.86   retrieval acc 1.000  gap +20.81
  affine fitted on WikiText          WikiText PPL    90.80   retrieval acc 0.000  gap +2.48
  affine fitted on WikiText + task   WikiText PPL    90.76   retrieval acc 1.000  gap +21.90
