chance: acc 0.045, CE 3.09

== A. where does the own key appear at the value token? (intact) ==
  site     own key acc     CE   prev key acc     CE
  emb            0.043   3.13          0.053   3.14
  resid0         0.983   0.56          0.264   2.42
  resid1         1.000   0.18          0.344   2.19
  resid2         1.000   0.08          0.490   1.65
  resid3         0.996   0.11          0.381   1.93
  mix0           0.996   0.38          0.329   2.21
  mix1           1.000   0.03          0.476   1.70
  mix2           1.000   0.01          0.741   0.77
  attn3          0.988   0.09          0.348   1.97

== B. what is necessary? own key after layer 3 (retrained / intact probe) ==
  condition                              retrain acc     CE  fixed acc     CE
  intact                                       0.996   0.11      0.996   0.11
  layer 0 mixer zeroed @ value tokens          0.879   0.64      0.078  10.84
  layer 1 mixer zeroed @ value tokens          0.981   0.23      0.614   1.39
  layer 2 mixer zeroed @ value tokens          0.943   0.33      0.308   3.58
  softmax 3 zeroed @ value tokens              0.999   0.13      0.319   3.01
  layers 1+2 zeroed @ value tokens             0.726   0.98      0.134   7.84
  layer 0 conv 1 tap                           1.000   0.06      0.312   3.49
  layer 0 no recurrence                        0.994   0.11      0.423   2.17
  layer 0 token-local (both)                   1.000   0.05      0.252   3.78
  layer 1 conv 1 tap                           0.991   0.15      0.540   1.55
  layer 1 no recurrence                        0.991   0.14      0.456   2.01
  layer 1 token-local (both)                   0.988   0.16      0.431   2.18
  layer 2 conv 1 tap                           0.969   0.34      0.264   2.85
  layer 2 no recurrence                        0.975   0.22      0.471   2.30
  layer 2 token-local (both)                   0.932   0.36      0.278   4.16
  layers 0-2 conv 1 tap                        0.888   0.91      0.047  16.91
  layers 0-2 no recurrence                     0.980   0.19      0.083   8.76
  layers 0-2 token-local                       0.576   1.80      0.049  13.65

== C. retrieval under the conv / recurrence interventions ==
  intact                                 acc 1.000  gap +20.81
  layer 0 conv 1 tap                     acc 0.855  gap +11.71
  layer 0 no recurrence                  acc 1.000  gap +18.75
  layer 0 token-local (both)             acc 0.170  gap  +6.01
  layer 1 conv 1 tap                     acc 1.000  gap +21.54
  layer 1 no recurrence                  acc 1.000  gap +20.79
  layer 1 token-local (both)             acc 1.000  gap +21.31
  layer 2 conv 1 tap                     acc 1.000  gap +21.55
  layer 2 no recurrence                  acc 0.995  gap +15.88
  layer 2 token-local (both)             acc 0.965  gap +13.90
  layers 0-2 conv 1 tap                  acc 0.000  gap  +0.21
  layers 0-2 no recurrence               acc 0.150  gap  +3.38
  layers 0-2 token-local                 acc 0.000  gap  +0.58

wrote results/exp19_binding_origin.json
