Loading weights:   0%|          | 0/320 [00:00<?, ?it/s]Loading weights:  30%|███       | 96/320 [00:00<00:00, 959.50it/s]Loading weights:  74%|███████▍  | 238/320 [00:00<00:00, 1229.56it/s]Loading weights: 100%|██████████| 320/320 [00:00<00:00, 1227.15it/s]
groups: [[0, 1, 2], [4, 5, 6], [8, 9, 10], [12, 13, 14], [16, 17, 18], [20, 21, 22]]
Warning: You are sending unauthenticated requests to the HF Hub. Please set a HF_TOKEN to enable higher rate limits and faster downloads.
[transformers] Token indices sequence length is longer than the specified maximum sequence length for this model (308567 > 262144). Running this sequence through the model will result in indexing errors
intact PPL 21.86  acc 1.000  gap +20.81

== A. ablation grid ==
  remove G0                            n= 3  PPL    26019.22  dNLL  +7.082  acc 0.000  gap  +0.08
  remove G1                            n= 3  PPL       44.13  dNLL  +0.703  acc 0.840  gap  +7.50
  remove G2                            n= 3  PPL       24.84  dNLL  +0.128  acc 0.600  gap  +5.93
  remove G3                            n= 3  PPL       25.04  dNLL  +0.136  acc 0.150  gap  +3.45
  remove G4                            n= 3  PPL       30.38  dNLL  +0.329  acc 0.965  gap +16.18
  remove G5                            n= 3  PPL       32.50  dNLL  +0.397  acc 0.940  gap +14.16
  remove G0+G1                         n= 6  PPL   437947.92  dNLL  +9.905  acc 0.000  gap  +0.03
  remove G1+G2                         n= 6  PPL       51.79  dNLL  +0.863  acc 0.035  gap  +1.86
  remove G2+G3                         n= 6  PPL       32.88  dNLL  +0.408  acc 0.000  gap  +1.17
  remove G3+G4                         n= 6  PPL       40.59  dNLL  +0.619  acc 0.085  gap  +2.00
  remove G4+G5                         n= 6  PPL       59.62  dNLL  +1.003  acc 0.295  gap  +4.97
  remove G1+G2                         n= 6  PPL       51.79  dNLL  +0.863  acc 0.035  gap  +1.86
  remove G4+G5                         n= 6  PPL       59.62  dNLL  +1.003  acc 0.295  gap  +4.97
  remove G0+G3                         n= 6  PPL    49459.43  dNLL  +7.724  acc 0.000  gap  -0.03
  keep only G0+G3                      n=12  PPL      160.29  dNLL  +1.992  acc 0.035  gap  +0.92
  keep only G1+G2                      n=12  PPL    57402.70  dNLL  +7.873  acc 0.000  gap  +0.20
  keep only G4+G5                      n=12  PPL   775812.49  dNLL +10.477  acc 0.000  gap  +0.04
  random 6 [1, 5, 9, 10, 16, 17]       n= 6  PPL       45.48  dNLL  +0.733  acc 0.425  gap  +4.66
  random 6 [4, 6, 12, 16, 20, 21]      n= 6  PPL       41.46  dNLL  +0.640  acc 0.925  gap +10.64
  random 6 [1, 2, 5, 12, 16, 21]       n= 6  PPL      184.77  dNLL  +2.134  acc 0.105  gap  +0.96
  random 6 [1, 5, 10, 12, 14, 18]      n= 6  PPL       47.59  dNLL  +0.778  acc 0.150  gap  +2.06
  random 6 [4, 6, 8, 13, 18, 20]       n= 6  PPL       39.88  dNLL  +0.601  acc 0.585  gap  +6.70
  random-6 mean dNLL +0.977 (sd 0.582)

== B. logit-lens: where is the answer formed? ==
  intact          +0.0  +0.0  +0.2  +0.5 +14.6 +10.3 +27.8 +24.5 +20.8
  remove G0       +0.0  +0.0  +0.0  -0.1  -0.0  -0.0  +0.0  +0.0  +0.1
  remove G1+G2    +0.0  -0.0  +0.0  -0.0  +1.8  +1.1  +2.5  +2.7  +1.9
  remove G3       +0.0  +0.0  +0.2  +0.2  +0.6  +0.7  +2.8  +5.4  +3.4
  remove G4+G5    +0.0  +0.0  +0.2  +0.5 +14.6 +13.6 +28.5 +23.1  +5.0
   (layers shown: 3 7 11 14 | 15 | 18 19 22 23 ; softmax layers are 3,7,11,15,19,23)

== C. reader attention P(final -> source value token) ==
  intact         L15H5 0.782  L19H1 0.404
  remove G0      L15H5 0.007  L19H1 0.009
  remove G1+G2   L15H5 0.187  L19H1 0.085
  remove G3      L15H5 0.056  L19H1 0.113
  remove G4+G5   L15H5 0.782  L19H1 0.340

== D. sequence-position dependence (WikiText) ==
  condition              pos 1-8      pos 8-32    pos 32-128   pos 128-512
  remove G0              +6.4658       +6.5870       +6.9091       +7.1674
  remove G1+G2           +0.5880       +0.8633       +0.9149       +0.8545
  remove G3              -0.0485       +0.1370       +0.1586       +0.1336
  remove G4+G5           +0.7665       +1.1581       +1.1358       +0.9650

== D2. recurrent-horizon restricted to each block ==
  block              w=1         w=8        w=64
  G0             +1.1546     +0.3644     +0.0974
  G1+G2          +0.3288     +0.1276     +0.0073
  G3             +0.0774     +0.0373     +0.0103
  G4+G5          +0.4601     +0.3892     +0.2125

wrote results/exp14_supergroups.json
