Loading weights:   0%|          | 0/320 [00:00<?, ?it/s]Loading weights:   0%|          | 1/320 [00:00<00:44,  7.24it/s]Loading weights:  62%|██████▏   | 197/320 [00:00<00:00, 999.47it/s]Loading weights:  98%|█████████▊| 313/320 [00:00<00:00, 1063.45it/s]Loading weights: 100%|██████████| 320/320 [00:00<00:00, 941.89it/s] 
Warning: You are sending unauthenticated requests to the HF Hub. Please set a HF_TOKEN to enable higher rate limits and faster downloads.
[transformers] Token indices sequence length is longer than the specified maximum sequence length for this model (2539978 > 262144). Running this sequence through the model will result in indexing errors
== A. residual-stream geometry ==
 layer      |o_L|     |h_in|   |o|/|h_in|
     0       1.26       0.66        1.954
     1       0.79       1.23        0.665
     2       0.94       1.56        0.618
     4       0.73       1.85        0.399
     5       0.79       1.87        0.432
     6       0.84       1.96        0.428
     8       0.63       2.05        0.311
     9       0.64       2.02        0.318
    10       0.73       2.12        0.346
    12       0.55       2.22        0.253
    13       0.69       2.40        0.291
    14       1.02       2.73        0.374
    16       1.22       4.02        0.307
    17       1.13       4.75        0.238
    18       1.33       5.30        0.254
    20       2.01       7.14        0.284
    21       1.87       8.27        0.227
    22       2.05       9.37        0.220

intact PPL 21.86  (NLL 3.0846)

== B. norm-matched random perturbation (same relative epsilon per layer) ==
  layer 0, eps=0.03                            PPL       21.88   dNLL +0.0010
  layer 0, eps=0.1                             PPL       21.96   dNLL +0.0047
  layer 0, eps=0.3                             PPL       22.58   dNLL +0.0323
  layer 0, eps=1.0                             PPL       48.36   dNLL +0.7941
  layer 0, eps=3.0                             PPL     2009.81   dNLL +4.5212
  layer 1, eps=0.03                            PPL       21.88   dNLL +0.0007
  layer 1, eps=0.1                             PPL       21.92   dNLL +0.0029
  layer 1, eps=0.3                             PPL       22.13   dNLL +0.0124
  layer 1, eps=1.0                             PPL       24.66   dNLL +0.1207
  layer 1, eps=3.0                             PPL      160.04   dNLL +1.9908
  layer 2, eps=0.03                            PPL       21.88   dNLL +0.0008
  layer 2, eps=0.1                             PPL       21.93   dNLL +0.0032
  layer 2, eps=0.3                             PPL       22.17   dNLL +0.0142
  layer 2, eps=1.0                             PPL       24.75   dNLL +0.1244
  layer 2, eps=3.0                             PPL      149.01   dNLL +1.9194
  layer 4, eps=0.03                            PPL       21.86   dNLL +0.0001
  layer 4, eps=0.1                             PPL       21.87   dNLL +0.0005
  layer 4, eps=0.3                             PPL       21.94   dNLL +0.0035
  layer 4, eps=1.0                             PPL       22.66   dNLL +0.0361
  layer 4, eps=3.0                             PPL       41.45   dNLL +0.6399

== C. information ladder and token-local recomputation ==
  building token-type tables...
  table covers 0.942 of eval tokens
  layer 0: zeros                               PPL    38012.51   dNLL +7.4611
  layer 0: global mean                         PPL    15046.02   dNLL +6.5343
  layer 0: token-type mean                     PPL      144.44   dNLL +1.8883
  layer 0: token-local (conv1tap+norecur)      PPL       74.79   dNLL +1.2300
  layer 0: conv 1 tap only                     PPL       41.13   dNLL +0.6322
  layer 0: no recurrence only                  PPL       26.89   dNLL +0.2072
  layer 1: zeros                               PPL       27.79   dNLL +0.2400
  layer 1: global mean                         PPL       27.36   dNLL +0.2244
  layer 1: token-type mean                     PPL       24.67   dNLL +0.1209
  layer 1: token-local (conv1tap+norecur)      PPL       26.10   dNLL +0.1774
  layer 1: conv 1 tap only                     PPL       25.48   dNLL +0.1534
  layer 1: no recurrence only                  PPL       23.52   dNLL +0.0733

== D. redundancy: joint ablations vs matched random sets ==
  zero mixers [0]                              PPL    38012.51   dNLL +7.4611
  zero mixers [1]                              PPL       27.79   dNLL +0.2400
  zero mixers [2]                              PPL       27.32   dNLL +0.2231
  zero mixers [4]                              PPL       23.56   dNLL +0.0750
  zero mixers [1, 2]                           PPL       91.80   dNLL +1.4350
  zero mixers [1, 2, 4]                        PPL      202.83   dNLL +2.2278
  zero mixers [1, 2, 4, 5]                     PPL      213.91   dNLL +2.2809
  zero mixers [1, 2, 4, 5, 6]                  PPL      219.37   dNLL +2.3062
  zero mixers [0, 1]                           PPL    34733.85   dNLL +7.3709
  zero 2 random GDN mixers (trial 0) [17, 18]  PPL       26.33   dNLL +0.1861
  zero 2 random GDN mixers (trial 1) [2, 12]   PPL       28.62   dNLL +0.2696
  zero 2 random GDN mixers (trial 2) [21, 22]  PPL       28.21   dNLL +0.2552
  zero 3 random GDN mixers (trial 0) [10, 13, 17] PPL       26.20   dNLL +0.1813
  zero 3 random GDN mixers (trial 1) [9, 12, 16] PPL       24.71   dNLL +0.1228
  zero 3 random GDN mixers (trial 2) [4, 6, 13] PPL       29.95   dNLL +0.3148
  zero 4 random GDN mixers (trial 0) [5, 12, 20, 21] PPL       28.99   dNLL +0.2825
  zero 4 random GDN mixers (trial 1) [2, 6, 13, 16] PPL       55.30   dNLL +0.9282
  zero 4 random GDN mixers (trial 2) [4, 10, 12, 14] PPL       30.96   dNLL +0.3481

== E. per-token attribution: do layers 0 and 1 help the same positions? ==
  Pearson r(delta_L0, delta_L1) = +0.128
  Spearman-ish r on ranks       = +0.099

  cond            mean    top1%    top5%   top10%   frac>0
  zero L0      +7.4611    2.3%   10.1%   18.4%   97.7%
  zero L1      +0.2400   17.5%   53.9%   82.0%   61.6%

  category                 share  baseNLL   d(zero L0)   d(zero L1)
  word-initial             62.6%    3.927      +7.3256      +0.2809
  word-continuation         3.9%    1.006      +8.7143      +0.1536
  punctuation              24.5%    1.995      +7.2165      +0.2081
  digit                     1.1%    1.206      +8.4598      +0.0974
  whitespace/newline        2.1%    2.907      +6.6168      +0.2288
  other                     5.8%    0.408      +9.2326      +0.0218

  difficulty decile   baseNLL   d(zero L0)   d(zero L1)
  decile 0              0.008      +9.2005      +0.0125
  decile 1              0.109      +9.1955      +0.1305
  decile 2              0.519      +8.9978      +0.2857
  decile 3              1.040      +8.3243      +0.2952
  decile 4              1.649      +8.0746      +0.2911
  decile 5              2.390      +7.8031      +0.3481
  decile 6              3.402      +7.3257      +0.3248
  decile 7              4.828      +6.6229      +0.3195
  decile 8              6.670      +5.8742      +0.2075
  decile 9             10.225      +3.1953      +0.1854

wrote results/exp12_layer01.json
