capturing Q/K/V donors ...
intact: acc 1.000  gap +20.81  lens@L15 +14.55  L15H5 attn 0.782

== A. rescue: ablate L14 [14], restore from intact run ==
  (ablated, no patch)                acc 0.870  gap +12.10  lens@L15  +4.96  attn 0.354  rec +nan
  Q@final (all heads)                acc 0.945  gap +13.91  lens@L15 +10.28  attn 0.534  rec +0.21
  Q@final (H5 only)                  acc 0.935  gap +13.62  lens@L15  +8.54  attn 0.534  rec +0.17
  Q+gate@final (all heads)           acc 0.950  gap +13.52  lens@L15  +8.37  attn 0.534  rec +0.16
  K@all                              acc 0.960  gap +12.41  lens@L15  +9.39  attn 0.388  rec +0.04
  K@all (H5's KV head)               acc 0.925  gap +11.82  lens@L15  +7.74  attn 0.388  rec -0.03
  K@value tokens                     acc 0.960  gap +12.92  lens@L15  +7.30  attn 0.329  rec +0.09
  K@key tokens                       acc 0.870  gap +12.04  lens@L15  +5.31  attn 0.368  rec -0.01
  V@all                              acc 0.870  gap +12.22  lens@L15  +4.75  attn 0.354  rec +0.01
  Q@final + K@all                    acc 0.985  gap +16.33  lens@L15 +17.18  attn 0.782  rec +0.49
  Q+K+V@all (whole L15 input)        acc 0.985  gap +16.84  lens@L15 +16.48  attn 0.782  rec +0.54
  Q+K+V@all at L15 and L19           acc 1.000  gap +17.21  lens@L15 +16.48  attn 0.782  rec +0.59

== A. rescue: ablate L13+14 [13, 14], restore from intact run ==
  (ablated, no patch)                acc 0.220  gap  +3.48  lens@L15  +1.15  attn 0.081  rec +nan
  Q@final (all heads)                acc 0.610  gap  +5.21  lens@L15 +10.36  attn 0.420  rec +0.10
  Q@final (H5 only)                  acc 0.640  gap  +5.38  lens@L15 +10.86  attn 0.420  rec +0.11
  Q+gate@final (all heads)           acc 0.495  gap  +4.83  lens@L15  +6.12  attn 0.420  rec +0.08
  K@all                              acc 0.300  gap  +4.04  lens@L15  +2.13  attn 0.122  rec +0.03
  K@all (H5's KV head)               acc 0.215  gap  +3.38  lens@L15  +2.00  attn 0.122  rec -0.01
  K@value tokens                     acc 0.310  gap  +4.00  lens@L15  +2.15  attn 0.127  rec +0.03
  K@key tokens                       acc 0.240  gap  +3.46  lens@L15  +1.07  attn 0.074  rec -0.00
  V@all                              acc 0.205  gap  +3.68  lens@L15  +1.10  attn 0.081  rec +0.01
  Q@final + K@all                    acc 0.835  gap  +7.14  lens@L15 +20.56  attn 0.782  rec +0.21
  Q+K+V@all (whole L15 input)        acc 0.885  gap  +8.17  lens@L15 +19.10  attn 0.782  rec +0.27
  Q+K+V@all at L15 and L19           acc 1.000  gap +12.59  lens@L15 +19.10  attn 0.782  rec +0.53

== A. rescue: ablate G3 [12, 13, 14], restore from intact run ==
  (ablated, no patch)                acc 0.150  gap  +3.45  lens@L15  +0.59  attn 0.056  rec +nan
  Q@final (all heads)                acc 0.680  gap  +5.12  lens@L15 +10.95  attn 0.425  rec +0.10
  Q@final (H5 only)                  acc 0.660  gap  +5.77  lens@L15 +11.61  attn 0.425  rec +0.13
  Q+gate@final (all heads)           acc 0.515  gap  +4.55  lens@L15  +6.27  attn 0.425  rec +0.06
  K@all                              acc 0.380  gap  +4.74  lens@L15  +0.86  attn 0.084  rec +0.07
  K@all (H5's KV head)               acc 0.185  gap  +3.03  lens@L15  +0.70  attn 0.084  rec -0.02
  K@value tokens                     acc 0.250  gap  +4.07  lens@L15  +0.86  attn 0.089  rec +0.04
  K@key tokens                       acc 0.165  gap  +3.43  lens@L15  +0.54  attn 0.050  rec -0.00
  V@all                              acc 0.235  gap  +4.06  lens@L15  +0.59  attn 0.056  rec +0.04
  Q@final + K@all                    acc 0.900  gap  +7.82  lens@L15 +20.78  attn 0.782  rec +0.25
  Q+K+V@all (whole L15 input)        acc 0.920  gap  +8.69  lens@L15 +19.19  attn 0.782  rec +0.30
  Q+K+V@all at L15 and L19           acc 0.995  gap +12.95  lens@L15 +19.19  attn 0.782  rec +0.55

== B. necessity: intact run, insert ablated Q or K ==
  L14     Q@final              acc 1.000  gap +16.34  lens@L15  +7.27  attn 0.388
  L14     K@all                acc 0.985  gap +17.39  lens@L15  +8.13  attn 0.534
  L14     K@value tokens       acc 0.985  gap +17.73  lens@L15  +9.58  attn 0.598
  L14     Q@final + K@all      acc 0.965  gap +14.83  lens@L15  +3.01  attn 0.354
  L13+14  Q@final              acc 0.930  gap +14.94  lens@L15  +1.50  attn 0.122
  L13+14  K@all                acc 0.985  gap +16.39  lens@L15  +5.80  attn 0.420
  L13+14  K@value tokens       acc 0.985  gap +16.72  lens@L15  +8.00  attn 0.516
  L13+14  Q@final + K@all      acc 0.915  gap +13.25  lens@L15  +0.97  attn 0.081
  G3      Q@final              acc 0.925  gap +15.15  lens@L15  +0.80  attn 0.084
  G3      K@all                acc 0.985  gap +15.70  lens@L15  +5.88  attn 0.425
  G3      K@value tokens       acc 0.980  gap +15.98  lens@L15  +7.02  attn 0.484
  G3      Q@final + K@all      acc 0.890  gap +13.48  lens@L15  +0.72  attn 0.056

wrote results/exp16_qk_patch.json
