Loading weights:   0%|          | 0/320 [00:00<?, ?it/s]Loading weights:  36%|███▌      | 114/320 [00:00<00:00, 1110.73it/s]Loading weights:  79%|███████▉  | 254/320 [00:00<00:00, 1154.85it/s]Loading weights: 100%|██████████| 320/320 [00:00<00:00, 1228.68it/s]
fresh (8 pairs, 200 ex): acc_clean=1.00 acc_corr=1.00 n=200
distance: target_pos=0: acc_clean=1.00 acc_corr=1.00 n=25
distance: target_pos=3: acc_clean=1.00 acc_corr=1.00 n=25
distance: target_pos=7: acc_clean=1.00 acc_corr=1.00 n=25
distractors: n_pairs=4: acc_clean=0.96 acc_corr=0.96 n=25
distractors: n_pairs=8: acc_clean=1.00 acc_corr=1.00 n=25
distractors: n_pairs=16: acc_clean=1.00 acc_corr=1.00 n=25
template: chat_alt: acc_clean=1.00 acc_corr=1.00 n=100

condition                    probe                        L   H   mean    sem
fresh (8 pairs, 200 ex)      D_clean                    None None  +10.024  0.181
fresh (8 pairs, 200 ex)      D_corr                     None None  -10.456  0.193
fresh (8 pairs, 200 ex)      writer out@value             0 None  +1.047  0.007
fresh (8 pairs, 200 ex)      state@t ALL (reference)     -1 None  +0.018  0.001
fresh (8 pairs, 200 ex)      pathopen V@src              15 None  +0.421  0.006
fresh (8 pairs, 200 ex)      pathblock V@src             15 None  +0.662  0.008
fresh (8 pairs, 200 ex)      pathopen V@src              19 None  +0.601  0.008
fresh (8 pairs, 200 ex)      pathblock V@src             19 None  +0.385  0.008
fresh (8 pairs, 200 ex)      head-path V@src             15   5  +0.395  0.006
fresh (8 pairs, 200 ex)      head-path V@src             19   1  +0.372  0.007
fresh (8 pairs, 200 ex)      head-path V@src             19   5  +0.247  0.005
distance: target_pos=0       D_clean                    None None  +10.486  0.392
distance: target_pos=0       D_corr                     None None  -11.846  0.592
distance: target_pos=0       writer out@value             0 None  +1.048  0.019
distance: target_pos=0       state@t ALL (reference)     -1 None  +0.035  0.003
distance: target_pos=0       pathopen V@src              15 None  +0.353  0.010
distance: target_pos=0       pathblock V@src             15 None  +0.732  0.020
distance: target_pos=0       pathopen V@src              19 None  +0.618  0.023
distance: target_pos=0       pathblock V@src             19 None  +0.401  0.015
distance: target_pos=0       head-path V@src             15   5  +0.314  0.010
distance: target_pos=0       head-path V@src             19   1  +0.347  0.023
distance: target_pos=0       head-path V@src             19   5  +0.244  0.010
distance: target_pos=3       D_clean                    None None  +11.097  0.512
distance: target_pos=3       D_corr                     None None  -11.001  0.482
distance: target_pos=3       writer out@value             0 None  +1.018  0.017
distance: target_pos=3       state@t ALL (reference)     -1 None  +0.021  0.002
distance: target_pos=3       pathopen V@src              15 None  +0.407  0.018
distance: target_pos=3       pathblock V@src             15 None  +0.631  0.022
distance: target_pos=3       pathopen V@src              19 None  +0.595  0.026
distance: target_pos=3       pathblock V@src             19 None  +0.327  0.026
distance: target_pos=3       head-path V@src             15   5  +0.359  0.016
distance: target_pos=3       head-path V@src             19   1  +0.364  0.022
distance: target_pos=3       head-path V@src             19   5  +0.244  0.009
distance: target_pos=7       D_clean                    None None  +10.247  0.492
distance: target_pos=7       D_corr                     None None  -10.390  0.603
distance: target_pos=7       writer out@value             0 None  +1.069  0.042
distance: target_pos=7       state@t ALL (reference)     -1 None  +0.005  0.003
distance: target_pos=7       pathopen V@src              15 None  +0.448  0.019
distance: target_pos=7       pathblock V@src             15 None  +0.643  0.035
distance: target_pos=7       pathopen V@src              19 None  +0.592  0.036
distance: target_pos=7       pathblock V@src             19 None  +0.425  0.023
distance: target_pos=7       head-path V@src             15   5  +0.408  0.020
distance: target_pos=7       head-path V@src             19   1  +0.373  0.026
distance: target_pos=7       head-path V@src             19   5  +0.271  0.013
distractors: n_pairs=4       D_clean                    None None  +8.543  0.483
distractors: n_pairs=4       D_corr                     None None  -8.816  0.404
distractors: n_pairs=4       writer out@value             0 None  +1.100  0.023
distractors: n_pairs=4       state@t ALL (reference)     -1 None  +0.039  0.004
distractors: n_pairs=4       pathopen V@src              15 None  +0.437  0.015
distractors: n_pairs=4       pathblock V@src             15 None  +0.724  0.026
distractors: n_pairs=4       pathopen V@src              19 None  +0.580  0.029
distractors: n_pairs=4       pathblock V@src             19 None  +0.388  0.023
distractors: n_pairs=4       head-path V@src             15   5  +0.441  0.013
distractors: n_pairs=4       head-path V@src             19   1  +0.371  0.025
distractors: n_pairs=4       head-path V@src             19   5  +0.249  0.010
distractors: n_pairs=8       D_clean                    None None  +8.385  0.508
distractors: n_pairs=8       D_corr                     None None  -9.986  0.671
distractors: n_pairs=8       writer out@value             0 None  +1.034  0.015
distractors: n_pairs=8       state@t ALL (reference)     -1 None  +0.037  0.003
distractors: n_pairs=8       pathopen V@src              15 None  +0.419  0.012
distractors: n_pairs=8       pathblock V@src             15 None  +0.654  0.023
distractors: n_pairs=8       pathopen V@src              19 None  +0.590  0.028
distractors: n_pairs=8       pathblock V@src             19 None  +0.438  0.024
distractors: n_pairs=8       head-path V@src             15   5  +0.392  0.016
distractors: n_pairs=8       head-path V@src             19   1  +0.372  0.024
distractors: n_pairs=8       head-path V@src             19   5  +0.227  0.011
distractors: n_pairs=16      D_clean                    None None  +10.053  0.494
distractors: n_pairs=16      D_corr                     None None  -11.168  0.550
distractors: n_pairs=16      writer out@value             0 None  +0.987  0.009
distractors: n_pairs=16      state@t ALL (reference)     -1 None  +0.025  0.002
distractors: n_pairs=16      pathopen V@src              15 None  +0.411  0.014
distractors: n_pairs=16      pathblock V@src             15 None  +0.600  0.016
distractors: n_pairs=16      pathopen V@src              19 None  +0.532  0.022
distractors: n_pairs=16      pathblock V@src             19 None  +0.404  0.021
distractors: n_pairs=16      head-path V@src             15   5  +0.356  0.016
distractors: n_pairs=16      head-path V@src             19   1  +0.358  0.016
distractors: n_pairs=16      head-path V@src             19   5  +0.199  0.014
template: chat_alt           D_clean                    None None  +10.300  0.238
template: chat_alt           D_corr                     None None  -10.257  0.224
template: chat_alt           writer out@value             0 None  +1.046  0.009
template: chat_alt           state@t ALL (reference)     -1 None  +0.017  0.002
template: chat_alt           pathopen V@src              15 None  +0.360  0.009
template: chat_alt           pathblock V@src             15 None  +0.674  0.012
template: chat_alt           pathopen V@src              19 None  +0.656  0.012
template: chat_alt           pathblock V@src             19 None  +0.377  0.012
template: chat_alt           head-path V@src             15   5  +0.407  0.009
template: chat_alt           head-path V@src             19   1  +0.417  0.010
template: chat_alt           head-path V@src             19   5  +0.229  0.007
