Loading weights:   0%|          | 0/320 [00:00<?, ?it/s]Loading weights:  16%|█▌        | 51/320 [00:00<00:00, 508.60it/s]Loading weights:  61%|██████    | 195/320 [00:00<00:00, 1041.43it/s]Loading weights: 100%|██████████| 320/320 [00:00<00:00, 1066.16it/s]
group t=15: state-route rec=+0.035  kv-route rec=+0.966
group t=27: state-route rec=+0.009  kv-route rec=+0.990
group t=11: state-route rec=+0.042  kv-route rec=+0.959
group t=31: state-route rec=+0.004  kv-route rec=+0.994

A. memory horizon (per GDN layer, averaged over prompts)
layer  median half-life  p90 half-life   retention value->dict-end   value->final  (best head)
    0         31.52 tok     616.18 tok           6.84e-01       3.70e-01 1.00e+00
    1          1.03 tok     116.75 tok           3.58e-01       1.69e-01 8.54e-01
    2          2.74 tok      56.73 tok           4.83e-01       1.80e-01 8.65e-01
    4         19.64 tok     198.89 tok           5.90e-01       3.37e-01 9.81e-01
    5         44.74 tok      70.53 tok           6.14e-01       3.41e-01 7.65e-01
    6          4.11 tok      97.94 tok           5.39e-01       2.12e-01 8.71e-01
    8          7.20 tok     323.19 tok           5.56e-01       3.25e-01 9.57e-01
    9         11.46 tok     118.62 tok           6.57e-01       3.29e-01 8.65e-01
   10          7.27 tok      40.32 tok           5.58e-01       1.65e-01 6.02e-01
   12         39.95 tok     109.27 tok           7.58e-01       4.10e-01 8.41e-01
   13          5.41 tok      31.41 tok           5.23e-01       1.53e-01 6.49e-01
   14          5.62 tok      71.77 tok           4.77e-01       2.11e-01 8.15e-01
   16          5.87 tok     147.57 tok           5.41e-01       3.93e-01 9.37e-01
   17          6.49 tok      80.83 tok           6.00e-01       2.98e-01 8.84e-01
   18         37.41 tok     172.29 tok           6.06e-01       4.10e-01 9.54e-01
   20         26.16 tok     169.23 tok           6.61e-01       4.54e-01 9.61e-01
   21          6.41 tok      56.11 tok           5.27e-01       2.03e-01 7.17e-01
   22         10.23 tok      49.60 tok           5.16e-01       2.29e-01 6.96e-01

B. relative state divergence ||S_clean - S_corr|| / ||S_clean||
layer     after target value     end of dictionary           final token
    0                0.0893                0.0296                0.0149
    1                0.1537                0.0469                0.0260
    2                0.0679                0.0420                0.0225
    4                0.0372                0.0347                0.0307
    5                0.0407                0.0182                0.0122
    6                0.0597                0.0451                0.0235
    8                0.0402                0.0470                0.0337
    9                0.0519                0.0543                0.0365
   10                0.0684                0.0849                0.0340
   12                0.0305                0.0431                0.0336
   13                0.0412                0.0498                0.0395
   14                0.0514                0.0609                0.0435
   16                0.0631                0.0402                0.0609
   17                0.0831                0.0364                0.0734
   18                0.1276                0.0373                0.0642
   20                0.1194                0.0418                0.0873
   21                0.0804                0.0249                0.0899
   22                0.0952                0.0219                0.1045

C. route isolation
  state route only             recovery +0.022 ± 0.002   D -9.93
  kv route only                recovery +0.977 ± 0.002   D +9.95
  identity ctrl (clean)        recovery +1.000 ± 0.000   D +10.42
  identity ctrl (corrupted)    recovery +0.000 ± 0.000   D -10.39
