Loading weights:   0%|          | 0/320 [00:00<?, ?it/s]Loading weights:  31%|███       | 99/320 [00:00<00:00, 978.44it/s]Loading weights:  81%|████████  | 259/320 [00:00<00:00, 1335.16it/s]Loading weights: 100%|██████████| 320/320 [00:00<00:00, 1338.15it/s]
Warning: You are sending unauthenticated requests to the HF Hub. Please set a HF_TOKEN to enable higher rate limits and faster downloads.
[transformers] Token indices sequence length is longer than the specified maximum sequence length for this model (308567 > 262144). Running this sequence through the model will result in indexing errors
16 sequences x 512 tokens
baseline                           NLL  3.0846   PPL          21.86

-- horizon sweep: GDN recurrent state reset every w tokens --
state reset every 1 tok            NLL  5.7813   PPL         324.17
state reset every 2 tok            NLL  5.3797   PPL         216.96
state reset every 4 tok            NLL  4.8618   PPL         129.26
state reset every 8 tok            NLL  4.3274   PPL          75.74
state reset every 16 tok           NLL  3.8980   PPL          49.30
state reset every 32 tok           NLL  3.5843   PPL          36.03
state reset every 64 tok           NLL  3.3680   PPL          29.02
state reset every 128 tok          NLL  3.2255   PPL          25.16
state reset every 256 tok          NLL  3.1374   PPL          23.04

-- calibration: layer / mixer removal (paper's protocol) --
all GDN layers skipped             NLL 13.4581   PPL      699473.50
all softmax layers skipped         NLL  7.4941   PPL        1797.39
all GDN mixers zeroed (MLP kept)   NLL 12.0682   PPL      174235.97
all softmax mixers zeroed (MLP kept) NLL  4.5335   PPL          93.08
GDN layer 0 skipped                NLL 10.4752   PPL       35425.88
GDN layer 0 mixer zeroed           NLL 10.5457   PPL       38012.47

-- matched random controls --
18 random layers skipped (trial 0) NLL 14.3147   PPL     1647450.00
18 random layers skipped (trial 1) NLL 13.2934   PPL      593240.38
18 random layers skipped (trial 2) NLL 14.8226   PPL     2737627.50
6 random layers skipped (trial 0)  NLL  5.4361   PPL         229.55
6 random layers skipped (trial 1)  NLL  4.2709   PPL          71.59
6 random layers skipped (trial 2)  NLL  5.0110   PPL         150.06

baseline PPL 21.86
