Loading weights:   0%|          | 0/320 [00:00<?, ?it/s]Loading weights:  28%|██▊       | 89/320 [00:00<00:00, 882.77it/s]Loading weights:  61%|██████▏   | 196/320 [00:00<00:00, 938.94it/s]Loading weights:  95%|█████████▌| 305/320 [00:00<00:00, 993.27it/s]Loading weights: 100%|██████████| 320/320 [00:00<00:00, 991.86it/s]
Warning: You are sending unauthenticated requests to the HF Hub. Please set a HF_TOKEN to enable higher rate limits and faster downloads.
[transformers] Token indices sequence length is longer than the specified maximum sequence length for this model (308567 > 262144). Running this sequence through the model will result in indexing errors
stats on 200 seqs, eval on 16 held-out seqs x 512 tokens
  stats 50/200
  stats 100/200
  stats 150/200
  stats 200/200
token-type table covers 0.939 of eval tokens (7707 types)
intact (rung 4)                              NLL  2.8599   PPL         17.46

== information ladder ==
L0 mixer <- rung 0 zeros                     NLL 10.5692   PPL      38919.00
L0 mixer <- rung 1 global mean               NLL  9.5976   PPL      14728.84
L0 mixer <- rung 2 norm-matched random       NLL 10.0969   PPL      24267.80
L0 mixer <- rung 3 token-type mean           NLL  4.7159   PPL        111.71
L0 mixer <- rung 3b same token, other context NLL  4.7282   PPL        113.09
L1 mixer <- rung 0 zeros                     NLL  3.0824   PPL         21.81
L1 mixer <- rung 1 global mean               NLL  3.0981   PPL         22.16
L1 mixer <- rung 2 norm-matched random       NLL  3.4343   PPL         31.01
L1 mixer <- rung 3 token-type mean           NLL  2.9880   PPL         19.85
L1 mixer <- rung 3b same token, other context NLL  3.0902   PPL         21.98
L2 mixer <- rung 0 zeros                     NLL  3.0917   PPL         22.01
L2 mixer <- rung 1 global mean               NLL  2.9251   PPL         18.64
L2 mixer <- rung 2 norm-matched random       NLL  3.3237   PPL         27.76
L2 mixer <- rung 3 token-type mean           NLL  2.9001   PPL         18.18
L2 mixer <- rung 3b same token, other context NLL  2.9643   PPL         19.38
L4 mixer <- rung 0 zeros                     NLL  2.9109   PPL         18.37
L4 mixer <- rung 1 global mean               NLL  2.8932   PPL         18.05
L4 mixer <- rung 2 norm-matched random       NLL  2.9548   PPL         19.20
L4 mixer <- rung 3 token-type mean           NLL  2.8464   PPL         17.23
L4 mixer <- rung 3b same token, other context NLL  2.8509   PPL         17.30

== mechanism split (layer 0) ==
L0 conv window forced to 1 tap               NLL  3.3489   PPL         28.47
L0 recurrent state reset every token         NLL  3.0624   PPL         21.38
L0 recurrence reset every 8 tokens           NLL  2.9304   PPL         18.74

== channel concentration (layer 0) ==
L0 top-1 channels <- token-type mean         NLL  2.8577   PPL         17.42
L0 top-1 channels <- global mean             NLL  2.8463   PPL         17.22
L0 top-2 channels <- token-type mean         NLL  2.8561   PPL         17.39
L0 top-2 channels <- global mean             NLL  2.8532   PPL         17.34
L0 top-4 channels <- token-type mean         NLL  2.8605   PPL         17.47
L0 top-4 channels <- global mean             NLL  2.9019   PPL         18.21
L0 top-8 channels <- token-type mean         NLL  2.8552   PPL         17.38
L0 top-8 channels <- global mean             NLL  2.9132   PPL         18.42
L0 top-16 channels <- token-type mean        NLL  2.8581   PPL         17.43
L0 top-16 channels <- global mean            NLL  2.9622   PPL         19.34
L0 top-32 channels <- token-type mean        NLL  2.8631   PPL         17.52
L0 top-32 channels <- global mean            NLL  3.0752   PPL         21.65
L0 top-64 channels <- token-type mean        NLL  2.8819   PPL         17.85
L0 top-64 channels <- global mean            NLL  3.3829   PPL         29.46
L0 top-128 channels <- token-type mean       NLL  2.9519   PPL         19.14
L0 top-128 channels <- global mean           NLL  4.7612   PPL        116.89
top-8 channels carry 0.056 of mean |o_0|; top-32 carry 0.104

== retrieval task under the ladder ==
  task token-type table covers 1.000 of evaluation-prompt tokens
  L0 <- intact        accuracy 1.000   D_clean-D_corr +20.81
  L0 <- token_sample  accuracy 1.000   D_clean-D_corr +20.35
  L0 <- token_mean    accuracy 1.000   D_clean-D_corr +21.15
  L0 <- global_mean   accuracy 0.000   D_clean-D_corr +0.05
  L0 <- zero          accuracy 0.000   D_clean-D_corr +0.16

baseline PPL 17.46
